// Jest Snapshot v1, https://goo.gl/fbAQLP

exports[`EventCard.tsx matches snapshot 1`] = `
<Fragment>
  <WithStyles(ForwardRef(Card))
    className="makeStyles-eventCard-1 "
    elevation={7}
    onClick={[Function]}
    onMouseEnter={[Function]}
    onMouseLeave={[Function]}
  >
    <EventThumbnail
      localHover={false}
    >
      <Styled(MuiBox)
        className="makeStyles-eventDate-8"
      >
        <span>
          <CoreTypography
            style={
              Object {
                "marginBottom": 0,
                "textTransform": "uppercase",
              }
            }
            variant="h5"
          >
            Mar
          </CoreTypography>
          <CoreTypography
            style={
              Object {
                "fontSize": "1.75em",
                "lineHeight": "20px",
                "marginBottom": 0,
              }
            }
            variant="h3"
          >
            1
          </CoreTypography>
        </span>
      </Styled(MuiBox)>
    </EventThumbnail>
    <WithStyles(ForwardRef(CardContent))>
      <div
        style={
          Object {
            "height": 100,
            "overflow": "hidden",
          }
        }
      >
        <CoreTypography
          className="makeStyles-title-9"
          gutterBottom={true}
          id="eventName"
          variant="h3"
        >
          Test Event
        </CoreTypography>
        <CoreTypography
          id="eventDesc"
          noWrap={true}
          style={
            Object {
              "color": "rgba(0,0,0,.4)",
              "fontFamily": "Ubuntu",
            }
          }
          variant="body2"
        >
          This is an event with a test caption an no image.
        </CoreTypography>
      </div>
      <WithStyles(ForwardRef(Grid))
        alignItems="center"
        container={true}
        justify="center"
        spacing={1}
        wrap="nowrap"
      >
        <Memo([object Object])
          color="primary"
        />
        <WithStyles(ForwardRef(Grid))
          item={true}
          style={
            Object {
              "alignItems": "center",
              "display": "flex",
            }
          }
          xs={6}
        >
          <CoreTypography
            component="p"
            id="eventLoc"
            noWrap={true}
            style={
              Object {
                "color": "#F298AE",
                "fontFamily": "Ubuntu",
                "fontSize": 13,
                "fontWeight": 600,
              }
            }
            variant="caption"
          >
            1200 Baker St Knoxville
          </CoreTypography>
        </WithStyles(ForwardRef(Grid))>
        <Memo([object Object])
          color="primary"
        />
        <WithStyles(ForwardRef(Grid))
          item={true}
          xs={5}
        >
          <CoreTypography
            component="p"
            id="eventTime"
            style={
              Object {
                "color": "#F298AE",
                "fontFamily": "Ubuntu",
                "fontSize": 13,
                "fontWeight": 600,
                "overflow": "hidden",
                "textOverflow": "ellipsis",
                "whiteSpace": "nowrap",
              }
            }
            variant="caption"
          >
            12:00 PM
             - 
            2:00 PM
          </CoreTypography>
        </WithStyles(ForwardRef(Grid))>
      </WithStyles(ForwardRef(Grid))>
    </WithStyles(ForwardRef(CardContent))>
  </WithStyles(ForwardRef(Card))>
</Fragment>
`;
